ASxxxx Linker V03.00 + NoICE + sdld,  page 1.
Hexadecimal  [32-Bits]

Area                                    Addr        Size        Decimal Bytes (Attributes)
--------------------------------        ----        ----        ------- ----- ------------
.  .ABS.                            00000000    00000000 =           0. bytes (ABS,CON)

      Value  Global                              Global Defined In Module
      -----  --------------------------------   ------------------------
     00000000  .__.ABS.                           cpct_video
     00000000  l__CABS                         
     00000000  l__DABS                         
     00000000  l__DATA                         
     00000000  l__GSFINAL                      
     00000000  l__GSINIT                       
     00000000  l__HOME                         
     00000000  l__INITIALIZED                  
     00000000  l__INITIALIZER                  
     00000000  s__CABS                         
     00000000  s__DABS                         
     000010BD  l__CODE                         
     00004000  s__CODE                         
     000050BD  s__DATA                         
     000050BD  s__GSFINAL                      
     000050BD  s__GSINIT                       
     000050BD  s__HOME                         
     000050BD  s__INITIALIZED                  
     000050BD  s__INITIALIZER                  

ASxxxx Linker V03.00 + NoICE + sdld,  page 2.
Hexadecimal  [32-Bits]

Area                                    Addr        Size        Decimal Bytes (Attributes)
--------------------------------        ----        ----        ------- ----- ------------
_CODE                               00004000    000010BD =        4285. bytes (REL,CON)

      Value  Global                              Global Defined In Module
      -----  --------------------------------   ------------------------
     00004000  _flecha_dcha                       flecha_vertical
     00004020  _flecha_izda                       flecha_vertical
     00004040  _gladis_arriba_dcha                gladis_arriba
     000040C0  _gladis_arriba_izda                gladis_arriba
     00004140  _chacho_quieto_dcha                chacho_quieto
     000041C0  _chacho_quieto_izda                chacho_quieto
     00004240  _gladis_quieto_dcha                gladis_quieto
     000042C0  _gladis_quieto_izda                gladis_quieto
     00004340  _g_tile_tileset                    vida
     00004344  _corazon_lleno                     vida
     00004384  _corazon_roto                      vida
     000043C4  _init                              main
     000043E9  _g_palette                         main
     000043ED  _menu                              main
     00004459  _checkCollisions                   main
     00004515  _checkSprite                       main
     00004573  _drawFatiga                        main
     00004630  _drawVida                          main
     000046D7  _game                              main
     00004C55  _main                              main
     00004C60  _flecha_arriba                     flecha_horizontal
     00004C80  _flecha_abajo                      flecha_horizontal
     00004CA0  _gladis_atk_dcha                   gladis_atk
     00004D40  _gladis_atk_izda                   gladis_atk
     00004DE0  _cpct_setPalette                   cpct_video
     00004DE9  cpct_setPalette_asm                cpct_video
     00004E04  _cpct_isKeyPressed                 cpct_keyboard
     00004E04  cpct_isKeyPressed_asm              cpct_keyboard
     00004E10  _cpct_scanKeyboard_f               cpct_keyboard
     00004E10  cpct_scanKeyboard_f_asm            cpct_keyboard
     00004E7A  _cpct_drawStringM0                 cpct_strings
     00004E82  cpct_drawStringM0_asm              cpct_strings
     00004E9E  dc_mode0_ct                        cpct_strings
     00004EAE  _cpct_drawCharM0                   cpct_strings
     00004EBB  cpct_drawCharM0_asm                cpct_strings
     00004F3B  _cpct_fw2hw                        cpct_video
     00004F55  _cpct_keyboardStatusBuffer         cpct_keyboard
     00004F5F  _cpct_drawSpriteMasked             cpct_sprites
     00004F8E  cpct_firmware2hw_colour            
     00004FA9  _cpct_waitVSYNC                    cpct_video
     00004FA9  cpct_waitVSYNC_asm                 cpct_video
     00004FB1  _cpct_setVideoMode                 cpct_video
     00004FB6  cpct_setVideoMode_asm              cpct_video
     00004FC3  _cpct_memset                       cpct_memutils
     00004FD1  _cpct_mode_rom_status              cpct_firmware
     00004FD2  _cpct_firmware_address             cpct_firmware
     00004FD4  _cpct_disableFirmware              cpct_firmware
     00004FD4  cpct_disableFirmware_asm           cpct_firmware
     00004FE5  _cpct_drawSolidBox                 cpct_sprites
     0000509D  _cpct_getScreenPtr                 cpct_video

ASxxxx Linker V03.00 + NoICE + sdld,  page 3.

Files Linked                              [ module(s) ]

obj/flecha-vertical.rel                   [ flecha_vertical ]
obj/gladis-arriba.rel                     [ gladis_arriba ]
obj/chacho-quieto.rel                     [ chacho_quieto ]
obj/gladis-quieto.rel                     [ gladis_quieto ]
obj/vida.rel                              [ vida ]
obj/main.rel                              [ main ]
obj/flecha-horizontal.rel                 [ flecha_horizontal ]
obj/gladis-atk.rel                        [ gladis_atk ]


Libraries Linked                          [ object file ]

/home/Pepe/cpctelera/cpctelera/cpctelera.lib
                                          [ cpct_setPalette.rel ]
/home/Pepe/cpctelera/cpctelera/cpctelera.lib
                                          [ cpct_isKeyPressed.rel ]
/home/Pepe/cpctelera/cpctelera/cpctelera.lib
                                          [ cpct_scanKeyboard_f.rel ]
/home/Pepe/cpctelera/cpctelera/cpctelera.lib
                                          [ cpct_drawStringM0.rel ]
/home/Pepe/cpctelera/cpctelera/cpctelera.lib
                                          [ cpct_drawCharM0.rel ]
/home/Pepe/cpctelera/cpctelera/cpctelera.lib
                                          [ cpct_fw2hw.rel ]
/home/Pepe/cpctelera/cpctelera/cpctelera.lib
                                          [ keyboard.rel ]
/home/Pepe/cpctelera/cpctelera/cpctelera.lib
                                          [ cpct_drawSpriteMasked_cbindings. ]
/home/Pepe/cpctelera/cpctelera/cpctelera.lib
                                          [ cpct_firmware2hw_colour_table.re ]
/home/Pepe/cpctelera/cpctelera/cpctelera.lib
                                          [ cpct_waitVSYNC.rel ]
/home/Pepe/cpctelera/cpctelera/cpctelera.lib
                                          [ cpct_setVideoMode.rel ]
/home/Pepe/cpctelera/cpctelera/cpctelera.lib
                                          [ cpct_memset_cbinding.rel ]
/home/Pepe/cpctelera/cpctelera/cpctelera.lib
                                          [ cpct_disableFirmware.rel ]
/home/Pepe/cpctelera/cpctelera/cpctelera.lib
                                          [ cpct_drawSolidBox_cbindings.rel ]
/home/Pepe/cpctelera/cpctelera/cpctelera.lib
                                          [ cpct_getScreenPtr_cbindings.rel ]

ASxxxx Linker V03.00 + NoICE + sdld,  page 4.

User Base Address Definitions

_CODE = 0x4000
_DATA = 0x0000

