ASxxxx Linker V03.00 + NoICE + sdld,  page 1.
Hexadecimal  [32-Bits]

Area                                    Addr        Size        Decimal Bytes (Attributes)
--------------------------------        ----        ----        ------- ----- ------------
.  .ABS.                            00000000    00000000 =           0. bytes (ABS,CON)

      Value  Global                              Global Defined In Module
      -----  --------------------------------   ------------------------
     00000000  .__.ABS.                           
     00000000  l__CABS                         
     00000000  l__DABS                         
     00000000  l__GSFINAL                      
     00000000  l__GSINIT                       
     00000000  l__HOME                         
     00000000  l__INITIALIZED                  
     00000000  l__INITIALIZER                  
     00000000  s__CABS                         
     00000000  s__DABS                         
     00000014  l__DATA                         
     00000EDE  l__CODE                         
     00004000  s__CODE                         
     00004EDE  s__DATA                         
     00004EF2  s__GSFINAL                      
     00004EF2  s__GSINIT                       
     00004EF2  s__HOME                         
     00004EF2  s__INITIALIZED                  
     00004EF2  s__INITIALIZER                  

ASxxxx Linker V03.00 + NoICE + sdld,  page 2.
Hexadecimal  [32-Bits]

Area                                    Addr        Size        Decimal Bytes (Attributes)
--------------------------------        ----        ----        ------- ----- ------------
_CODE                               00004000    00000EDE =        3806. bytes (REL,CON)

      Value  Global                              Global Defined In Module
      -----  --------------------------------   ------------------------
     00004000  _chacho_quieto_dcha                chacho_quieto
     00004080  _chacho_quieto_izda                chacho_quieto
     00004100  _gladis_quieto_dcha                gladis_quieto
     00004180  _gladis_quieto_izda                gladis_quieto
     00004200  _init                              main
     00004225  _g_palette                         main
     00004229  _mapa1                             main
     00004369  _mapa2                             main
     000044A9  _menu                              main
     0000450F  _drawMap                           main
     00004620  _checkColisions                    main
     00004709  _checkKeyboard                     main
     00004825  _game                              main
     00004A2C  _loadMap                           main
     00004A2D  _main                              main
     00004A38  _gladis_atk_dcha                   gladis_atk
     00004AD8  _gladis_atk_izda                   gladis_atk
     00004B78  _cpct_setPalette                   cpct_video
     00004B81  cpct_setPalette_asm                cpct_video
     00004B9C  _cpct_isKeyPressed                 cpct_keyboard
     00004B9C  cpct_isKeyPressed_asm              cpct_keyboard
     00004BA8  _cpct_scanKeyboard_f               cpct_keyboard
     00004BA8  cpct_scanKeyboard_f_asm            cpct_keyboard
     00004C12  _cpct_drawStringM0                 cpct_strings
     00004C1A  cpct_drawStringM0_asm              cpct_strings
     00004C36  dc_mode0_ct                        cpct_strings
     00004C46  _cpct_drawCharM0                   cpct_strings
     00004C53  cpct_drawCharM0_asm                cpct_strings
     00004CD3  __divuint                          
     00004CDB  __divuchar                         
     00004CE2  __divu8                            
     00004CE5  __divu16                           
     00004D14  _cpct_fw2hw                        cpct_video
     00004D2E  _cpct_keyboardStatusBuffer         cpct_keyboard
     00004D38  _cpct_drawSpriteMasked             cpct_sprites
     00004D67  cpct_firmware2hw_colour            
     00004D82  _cpct_waitVSYNC                    cpct_video
     00004D82  cpct_waitVSYNC_asm                 cpct_video
     00004D8A  _cpct_setVideoMode                 cpct_video
     00004D8F  cpct_setVideoMode_asm              cpct_video
     00004D9C  _cpct_memset                       cpct_memutils
     00004DAA  _cpct_mode_rom_status              cpct_firmware
     00004DAB  _cpct_firmware_address             cpct_firmware
     00004DAD  _cpct_disableFirmware              cpct_firmware
     00004DAD  cpct_disableFirmware_asm           cpct_firmware
     00004DBE  _cpct_drawSolidBox                 cpct_sprites
     00004E76  _cpct_getScreenPtr                 cpct_video
     00004E96  __divsint                          
     00004E9F  __divschar                         
     00004EA6  __div8                             
ASxxxx Linker V03.00 + NoICE + sdld,  page 3.
Hexadecimal  [32-Bits]

Area                                    Addr        Size        Decimal Bytes (Attributes)
--------------------------------        ----        ----        ------- ----- ------------
_CODE                               00004000    00000EDE =        3806. bytes (REL,CON)

      Value  Global                              Global Defined In Module
      -----  --------------------------------   ------------------------
     00004EAA  __div_signexte                     
     00004EAE  __div16                            
     00004ED4  __get_remainder                    

ASxxxx Linker V03.00 + NoICE + sdld,  page 4.
Hexadecimal  [32-Bits]

Area                                    Addr        Size        Decimal Bytes (Attributes)
--------------------------------        ----        ----        ------- ----- ------------
_DATA                               00004EDE    00000014 =          20. bytes (REL,CON)

      Value  Global                              Global Defined In Module
      -----  --------------------------------   ------------------------
     00004EDE  _scene                             main

ASxxxx Linker V03.00 + NoICE + sdld,  page 5.

Files Linked                              [ module(s) ]

obj/chacho-quieto.rel                     [ chacho_quieto ]
obj/gladis-quieto.rel                     [ gladis_quieto ]
obj/main.rel                              [ main ]
obj/gladis-atk.rel                        [ gladis_atk ]


Libraries Linked                          [ object file ]

/home/Alberto/cpctelera/cpctelera/cpctelera.lib
                                          [ cpct_setPalette.rel ]
/home/Alberto/cpctelera/cpctelera/cpctelera.lib
                                          [ cpct_isKeyPressed.rel ]
/home/Alberto/cpctelera/cpctelera/cpctelera.lib
                                          [ cpct_scanKeyboard_f.rel ]
/home/Alberto/cpctelera/cpctelera/cpctelera.lib
                                          [ cpct_drawStringM0.rel ]
/home/Alberto/cpctelera/cpctelera/cpctelera.lib
                                          [ cpct_drawCharM0.rel ]
/home/Alberto/cpctelera/cpctelera/tools/sdcc-3.5.0/bin/../share/sdcc/lib/z80/z80.lib
                                          [ divunsigned.rel ]
/home/Alberto/cpctelera/cpctelera/cpctelera.lib
                                          [ cpct_fw2hw.rel ]
/home/Alberto/cpctelera/cpctelera/cpctelera.lib
                                          [ keyboard.rel ]
/home/Alberto/cpctelera/cpctelera/cpctelera.lib
                                          [ cpct_drawSpriteMasked_cbindings. ]
/home/Alberto/cpctelera/cpctelera/cpctelera.lib
                                          [ cpct_firmware2hw_colour_table.re ]
/home/Alberto/cpctelera/cpctelera/cpctelera.lib
                                          [ cpct_waitVSYNC.rel ]
/home/Alberto/cpctelera/cpctelera/cpctelera.lib
                                          [ cpct_setVideoMode.rel ]
/home/Alberto/cpctelera/cpctelera/cpctelera.lib
                                          [ cpct_memset_cbinding.rel ]
/home/Alberto/cpctelera/cpctelera/cpctelera.lib
                                          [ cpct_disableFirmware.rel ]
/home/Alberto/cpctelera/cpctelera/cpctelera.lib
                                          [ cpct_drawSolidBox_cbindings.rel ]
/home/Alberto/cpctelera/cpctelera/cpctelera.lib
                                          [ cpct_getScreenPtr_cbindings.rel ]
/home/Alberto/cpctelera/cpctelera/tools/sdcc-3.5.0/bin/../share/sdcc/lib/z80/z80.lib
                                          [ divsigned.rel ]

ASxxxx Linker V03.00 + NoICE + sdld,  page 6.

User Base Address Definitions

_CODE = 0x4000
_DATA = 0x0000

